=========================================================
Test simple call to CoolProp with fluid : Air
=========================================================
78.903
81.72
37.1592
inf
37.1592
28.5845
28.5845
inf

=========================================================
Test simple call to CoolProp with fluid : Ammonia
=========================================================
239.834
239.834
24.8927
inf
24.8927
17.7935
17.7935
inf

=========================================================
Test simple call to CoolProp with fluid : Carbon dioxide
=========================================================
inf
inf
inf
inf
inf
inf
inf
inf

=========================================================
Test simple call to CoolProp with fluid : Carbon monoxide
=========================================================
inf
inf
inf
inf
inf
inf
inf
inf

=========================================================
Test simple call to CoolProp with fluid : Deuterium
=========================================================
23.6613
23.6613
5.14652
inf
5.14652
3.98656
3.98656
inf

=========================================================
Test simple call to CoolProp with fluid : Ethane
=========================================================
184.569
184.569
42.7601
inf
42.7601
30.9311
30.9311
inf

=========================================================
Test simple call to CoolProp with fluid : Ethanol
=========================================================
351.57
351.57
594.628
594.628
594.628
53.0469
53.0469
inf

=========================================================
Test simple call to CoolProp with fluid : Helium
=========================================================
4.22381
4.22381
5.14554
inf
5.14554
3.98319
3.98319
inf

=========================================================
Test simple call to CoolProp with fluid : Hydrogen
=========================================================
20.3689
20.3689
2.57463
inf
2.57463
1.99443
1.99443
inf

=========================================================
Test simple call to CoolProp with fluid : Isobutane
=========================================================
261.401
261.401
122.671
inf
122.671
65.927
65.927
inf

=========================================================
Test simple call to CoolProp with fluid : Methane
=========================================================
111.667
111.667
21.021
inf
21.021
15.9852
15.9852
inf

=========================================================
Test simple call to CoolProp with fluid : Neon
=========================================================
27.1
27.1
25.8668
inf
25.8668
20.018
20.018
inf

=========================================================
Test simple call to CoolProp with fluid : Nitrogen
=========================================================
77.355
77.355
35.8153
inf
35.8153
27.573
27.573
inf

=========================================================
Test simple call to CoolProp with fluid : Oxygen
=========================================================
90.1878
90.1878
41.4199
inf
41.4199
31.7699
31.7699
inf

=========================================================
Test simple call to CoolProp with fluid : Propane
=========================================================
231.036
231.036
72.2898
inf
72.2898
47.4418
47.4418
inf

=========================================================
Test simple call to CoolProp with fluid : Propylene
=========================================================
225.531
225.531
66.973
inf
66.973
44.9817
44.9817
inf

=========================================================
Test simple call to CoolProp with fluid : Water
=========================================================
373.124
373.124
881.001
881.001
inf
20.5085
20.5085
618.948

